
Choose X or O
Chosen: bad

Choose X or O
Chosen: X
First to start?[y/n]: wrong
First to start?[y/n]: y
Human turn [X]

---------------
|   ||   ||   |
---------------
|   ||   ||   |
---------------
|   ||   ||   |
---------------
Use numpad (1..9): not a number
Bad choice
Use numpad (1..9): 5
Computer turn [O]

---------------
|   ||   ||   |
---------------
|   || X ||   |
---------------
|   ||   ||   |
---------------
Human turn [X]

---------------
| O ||   ||   |
---------------
|   || X ||   |
---------------
|   ||   ||   |
---------------
Use numpad (1..9): 7
Computer turn [O]

---------------
| O ||   ||   |
---------------
|   || X ||   |
---------------
| X ||   ||   |
---------------
Human turn [X]

---------------
| O ||   || O |
---------------
|   || X ||   |
---------------
| X ||   ||   |
---------------
Use numpad (1..9): 2
Computer turn [O]

---------------
| O || X || O |
---------------
|   || X ||   |
---------------
| X ||   ||   |
---------------
Human turn [X]

---------------
| O || X || O |
---------------
|   || X ||   |
---------------
| X || O ||   |
---------------
Use numpad (1..9): 9
Computer turn [O]

---------------
| O || X || O |
---------------
|   || X ||   |
---------------
| X || O || X |
---------------
Human turn [X]

---------------
| O || X || O |
---------------
| O || X ||   |
---------------
| X || O || X |
---------------
Use numpad (1..9): 6

---------------
| O || X || O |
---------------
| O || X || X |
---------------
| X || O || X |
---------------
DRAW!
